src/components/DepartmentChart.tsx(61,25): error TS2322: Type '(value: number) => [string, "Downtime"]' is not assignable to type 'Formatter<number, "Downtime"> & ((value: number, name: "Downtime", item: Payload<number, "Downtime">, index: number, payload: Payload<number, "Downtime">[]) => ReactNode | [...])'.
  Type '(value: number) => [string, "Downtime"]' is not assignable to type 'Formatter<number, "Downtime">'.
    Types of parameters 'value' and 'value' are incompatible.
      Type 'number | undefined' is not assignable to type 'number'.
        Type 'undefined' is not assignable to type 'number'.
